<a href="mailto:test@ark.io" title="Title">Label</a>