https://www.reddit.com/submit?title=Awesome+Article&url=https://blog.my-website.com