https://www.facebook.com/sharer/sharer.php?u=https://blog.my-website.com